[265月2026 08:41:03.027] [main/INFO] [cpw.mods.modlauncher.Launcher/MODLAUNCHER]: ModLauncher running: args [--launchTarget, forgeclientdev, --version, 21.1.227, --assetIndex, 17, --assetsDir, C:\\Users\\ASUS\\.gradle\\caches\\neoformruntime\\assets, --gameDir, ., --fml.fmlVersion, 4.0.42, --fml.mcVersion, 1.21.1, --fml.neoForgeVersion, 21.1.227, --fml.neoFormVersion, 20240808.144430]
[265月2026 08:41:03.036] [main/INFO] [cpw.mods.modlauncher.Launcher/MODLAUNCHER]: JVM identified as Oracle Corporation Java HotSpot(TM) 64-Bit Server VM 21.0.8+12-LTS-250
[265月2026 08:41:03.040] [main/INFO] [cpw.mods.modlauncher.Launcher/MODLAUNCHER]: ModLauncher 11.0.5+main.901c6ea8 starting: java version 21.0.8 by Oracle Corporation; OS Windows 11 arch amd64 version 10.0
[265月2026 08:41:03.326] [main/INFO] [net.neoforged.fml.loading.ImmediateWindowHandler/]: Loading ImmediateWindowProvider fmlearlywindow
[265月2026 08:41:03.595] [main/INFO] [EARLYDISPLAY/]: Trying GL version 4.6
[265月2026 08:41:03.925] [main/INFO] [EARLYDISPLAY/]: Requested GL version 4.6 got version 4.6
[265月2026 08:41:04.017] [main/INFO] [mixin/]: SpongePowered MIXIN Subsystem Version=0.8.7 Source=union:/C:/Users/ASUS/.gradle/caches/modules-2/files-2.1/net.fabricmc/sponge-mixin/0.15.2+mixin.0.8.7/2af2f021d8e02a0220dc27a7a72b4666d66d44ca/sponge-mixin-0.15.2+mixin.0.8.7.jar%23138!/ Service=ModLauncher Env=CLIENT
[265月2026 08:41:04.494] [pool-2-thread-1/INFO] [EARLYDISPLAY/]: GL info: NVIDIA GeForce RTX 5060 Laptop GPU/PCIe/SSE2 GL version 4.6.0 NVIDIA 595.97, NVIDIA Corporation
[265月2026 08:41:04.966] [main/INFO] [net.neoforged.fml.loading.moddiscovery.locators.JarInJarDependencyLocator/]: Found 2 dependencies adding them to mods collection
[265月2026 08:41:04.971] [main/INFO] [net.neoforged.fml.loading.moddiscovery.ModDiscoverer/]: 
     Mod List:
		Name Version (Mod Id)

		Minecraft 1.21.1 (minecraft)
		NeoForge 21.1.227 (neoforge)
		Team EMC 0.1.0 (teamemc)
[265月2026 08:41:06.859] [main/INFO] [cpw.mods.modlauncher.LaunchServiceHandler/MODLAUNCHER]: Launching target 'forgeclientdev' with arguments [--version, 21.1.227, --gameDir, ., --assetsDir, C:\Users\ASUS\.gradle\caches\neoformruntime\assets, --assetIndex, 17]
[265月2026 08:41:10.545] [Datafixer Bootstrap/INFO] [com.mojang.datafixers.DataFixerBuilder/]: 229 Datafixer optimizations took 578 milliseconds
[265月2026 08:41:11.117] [pool-7-thread-1/INFO] [MixinExtras|Service/]: Initializing MixinExtras via com.llamalad7.mixinextras.service.MixinExtrasServiceImpl(version=0.5.3).
[265月2026 08:41:20.200] [main/WARN] [net.minecraft.commands.Commands/]: Ambiguity between arguments [teleport, location] and [teleport, destination] with inputs: [0.1 -0.5 .9, 0 0 0]
[265月2026 08:41:20.203] [main/WARN] [net.minecraft.commands.Commands/]: Ambiguity between arguments [teleport, location] and [teleport, targets] with inputs: [0.1 -0.5 .9, 0 0 0]
[265月2026 08:41:20.210] [main/WARN] [net.minecraft.commands.Commands/]: Ambiguity between arguments [teleport, destination] and [teleport, targets] with inputs: [Player, 0123, @e, dd12be42-52a9-4a91-a8a1-11c01849e498]
[265月2026 08:41:20.212] [main/WARN] [net.minecraft.commands.Commands/]: Ambiguity between arguments [teleport, targets] and [teleport, destination] with inputs: [Player, 0123, dd12be42-52a9-4a91-a8a1-11c01849e498]
[265月2026 08:41:20.213] [main/WARN] [net.minecraft.commands.Commands/]: Ambiguity between arguments [teleport, targets, location] and [teleport, targets, destination] with inputs: [0.1 -0.5 .9, 0 0 0]
[265月2026 08:41:20.447] [Render thread/WARN] [net.minecraft.server.packs.VanillaPackResourcesBuilder/]: Assets URL 'union:/D:/work/Mymod/build/moddev/artifacts/neoforge-21.1.227.jar%23189!/assets/.mcassetsroot' uses unexpected schema
[265月2026 08:41:20.448] [Render thread/WARN] [net.minecraft.server.packs.VanillaPackResourcesBuilder/]: Assets URL 'union:/D:/work/Mymod/build/moddev/artifacts/neoforge-21.1.227.jar%23189!/data/.mcassetsroot' uses unexpected schema
[265月2026 08:41:20.546] [Render thread/INFO] [com.mojang.authlib.yggdrasil.YggdrasilAuthenticationService/]: Environment: Environment[sessionHost=https://sessionserver.mojang.com, servicesHost=https://api.minecraftservices.com, name=PROD]
[265月2026 08:41:20.557] [Render thread/INFO] [net.minecraft.client.Minecraft/]: Setting user: Dev
[265月2026 08:41:20.795] [Render thread/INFO] [net.minecraft.client.Minecraft/]: Backend library: LWJGL version 3.3.3+5
[265月2026 08:41:21.281] [modloading-worker-0/INFO] [net.neoforged.neoforge.common.NeoForgeMod/NEOFORGE-MOD]: NeoForge mod loading, version 21.1.227, for MC 1.21.1
[265月2026 08:41:22.461] [Render thread/INFO] [net.neoforged.neoforge.gametest.GameTestHooks/]: Enabled Gametest Namespaces: []
[265月2026 08:41:22.628] [Render thread/INFO] [net.minecraft.server.packs.resources.ReloadableResourceManager/]: Reloading ResourceManager: vanilla, mod_resources, mod/teamemc, mod/neoforge
[265月2026 08:41:22.958] [Worker-Main-12/INFO] [net.minecraft.client.gui.font.providers.UnihexProvider/]: Found unifont_all_no_pua-15.1.05.hex, loading
[265月2026 08:41:23.072] [Worker-Main-4/INFO] [net.minecraft.client.gui.font.providers.UnihexProvider/]: Found unifont_jp_patch-15.1.05.hex, loading
[265月2026 08:41:25.152] [Render thread/WARN] [net.minecraft.client.sounds.SoundEngine/]: Missing sound for event: minecraft:item.goat_horn.play
[265月2026 08:41:25.153] [Render thread/WARN] [net.minecraft.client.sounds.SoundEngine/]: Missing sound for event: minecraft:entity.goat.screaming.horn_break
[265月2026 08:41:25.747] [Render thread/INFO] [com.mojang.blaze3d.audio.Library/]: OpenAL initialized on device OpenAL Soft on 耳机 (EDIFIER FitBuds Pro)
[265月2026 08:41:25.748] [Render thread/INFO] [net.minecraft.client.sounds.SoundEngine/SOUNDS]: Sound engine started
[265月2026 08:41:25.902] [Render thread/INFO] [net.minecraft.client.renderer.texture.TextureAtlas/]: Created: 1024x512x4 minecraft:textures/atlas/blocks.png-atlas
[265月2026 08:41:25.919] [Render thread/INFO] [net.minecraft.client.renderer.texture.TextureAtlas/]: Created: 256x256x4 minecraft:textures/atlas/signs.png-atlas
[265月2026 08:41:25.920] [Render thread/INFO] [net.minecraft.client.renderer.texture.TextureAtlas/]: Created: 512x512x4 minecraft:textures/atlas/shield_patterns.png-atlas
[265月2026 08:41:25.920] [Render thread/INFO] [net.minecraft.client.renderer.texture.TextureAtlas/]: Created: 512x512x4 minecraft:textures/atlas/banner_patterns.png-atlas
[265月2026 08:41:25.921] [Render thread/INFO] [net.minecraft.client.renderer.texture.TextureAtlas/]: Created: 1024x1024x4 minecraft:textures/atlas/armor_trims.png-atlas
[265月2026 08:41:25.926] [Render thread/INFO] [net.minecraft.client.renderer.texture.TextureAtlas/]: Created: 128x64x4 minecraft:textures/atlas/decorated_pot.png-atlas
[265月2026 08:41:25.926] [Render thread/INFO] [net.minecraft.client.renderer.texture.TextureAtlas/]: Created: 256x256x4 minecraft:textures/atlas/chest.png-atlas
[265月2026 08:41:25.927] [Render thread/INFO] [net.minecraft.client.renderer.texture.TextureAtlas/]: Created: 512x256x4 minecraft:textures/atlas/shulker_boxes.png-atlas
[265月2026 08:41:25.927] [Render thread/INFO] [net.minecraft.client.renderer.texture.TextureAtlas/]: Created: 512x256x4 minecraft:textures/atlas/beds.png-atlas
[265月2026 08:41:26.316] [Render thread/INFO] [net.minecraft.client.renderer.texture.TextureAtlas/]: Created: 512x256x0 minecraft:textures/atlas/particles.png-atlas
[265月2026 08:41:26.320] [Render thread/INFO] [net.minecraft.client.renderer.texture.TextureAtlas/]: Created: 512x256x0 minecraft:textures/atlas/paintings.png-atlas
[265月2026 08:41:26.321] [Render thread/INFO] [net.minecraft.client.renderer.texture.TextureAtlas/]: Created: 256x128x0 minecraft:textures/atlas/mob_effects.png-atlas
[265月2026 08:41:26.321] [Render thread/INFO] [net.minecraft.client.renderer.texture.TextureAtlas/]: Created: 64x64x0 minecraft:textures/atlas/map_decorations.png-atlas
[265月2026 08:41:26.322] [Render thread/INFO] [net.minecraft.client.renderer.texture.TextureAtlas/]: Created: 1024x512x0 minecraft:textures/atlas/gui.png-atlas
[265月2026 08:41:26.366] [Render thread/WARN] [net.minecraft.client.renderer.ShaderInstance/]: Shader rendertype_entity_translucent_emissive could not find sampler named Sampler2 in the specified shader program.
[265月2026 08:41:26.448] [Render thread/INFO] [net.neoforged.neoforge.client.entity.animation.json.AnimationLoader/]: Loaded 0 entity animations
[265月2026 08:41:39.393] [Render thread/INFO] [net.minecraft.world.item.crafting.RecipeManager/]: Loaded 1290 recipes
[265月2026 08:41:39.882] [Render thread/INFO] [net.minecraft.advancements.AdvancementTree/]: Loaded 1399 advancements
[265月2026 08:41:39.892] [Render thread/INFO] [com.example.teamemc.emc.EmcValueManager/]: Loaded 200 manual EMC values. Recipe derivation will run after tags update.
[265月2026 08:41:40.300] [Server thread/INFO] [net.minecraft.client.server.IntegratedServer/]: Starting integrated minecraft server version 1.21.1
[265月2026 08:41:40.300] [Server thread/INFO] [net.minecraft.server.MinecraftServer/]: Generating keypair
[265月2026 08:41:40.677] [Server thread/INFO] [net.minecraft.server.MinecraftServer/]: Preparing start region for dimension minecraft:overworld
[265月2026 08:41:41.058] [progressListener/INFO] [net.minecraft.server.level.progress.LoggerChunkProgressListener/]: 准备生成区域中：0%
[265月2026 08:41:41.160] [Server thread/INFO] [net.neoforged.neoforge.server.permission.PermissionAPI/]: Successfully initialized permission handler neoforge:default_handler
[265月2026 08:41:41.182] [Server thread/INFO] [com.example.teamemc.emc.EmcValueManager/]: Loaded 200 manual EMC values, derived 420 recipe EMC values, final total 620 after 4 iteration(s) and 467 add/update(s).
[265月2026 08:41:41.192] [progressListener/INFO] [net.minecraft.server.level.progress.LoggerChunkProgressListener/]: Time elapsed: 500 ms
[265月2026 08:41:41.306] [Server thread/INFO] [net.minecraft.client.server.IntegratedServer/]: Changing view distance to 12, from 10
[265月2026 08:41:41.306] [Server thread/INFO] [net.minecraft.client.server.IntegratedServer/]: Changing simulation distance to 12, from 0
[265月2026 08:41:42.548] [Server thread/INFO] [net.minecraft.server.players.PlayerList/]: Dev[local:E:f3ed03cc] logged in with entity id 10 at (17.133817630306705, -60.0, -10.101280888684936)
[265月2026 08:41:42.674] [Server thread/INFO] [net.minecraft.server.MinecraftServer/]: Dev加入了游戏
[265月2026 08:41:42.918] [Render thread/INFO] [net.minecraft.advancements.AdvancementTree/]: Loaded 102 advancements
[265月2026 08:42:07.819] [Render thread/INFO] [net.minecraft.client.Minecraft/]: Stopping!
[265月2026 08:42:07.845] [Server thread/INFO] [net.minecraft.server.network.ServerGamePacketListenerImpl/]: Dev lost connection: 连接中断
[265月2026 08:42:07.845] [Server thread/INFO] [net.minecraft.server.MinecraftServer/]: Dev退出了游戏
[265月2026 08:42:07.929] [Server thread/INFO] [net.minecraft.server.network.ServerCommonPacketListenerImpl/]: Stopping singleplayer server as player logged out
[265月2026 08:42:07.985] [Server thread/INFO] [net.minecraft.server.MinecraftServer/]: Stopping server
[265月2026 08:42:07.987] [Server thread/INFO] [net.minecraft.server.MinecraftServer/]: Saving players
[265月2026 08:42:07.987] [Server thread/INFO] [net.minecraft.server.MinecraftServer/]: Saving worlds
[265月2026 08:42:08.119] [Server thread/INFO] [net.minecraft.server.MinecraftServer/]: Saving chunks for level 'ServerLevel[新的世界]'/minecraft:overworld
[265月2026 08:42:08.242] [Server thread/INFO] [net.minecraft.server.MinecraftServer/]: Saving chunks for level 'ServerLevel[新的世界]'/minecraft:the_end
[265月2026 08:42:08.259] [Server thread/INFO] [net.minecraft.server.MinecraftServer/]: Saving chunks for level 'ServerLevel[新的世界]'/minecraft:the_nether
[265月2026 08:42:08.296] [Server thread/INFO] [net.minecraft.server.MinecraftServer/]: ThreadedAnvilChunkStorage (新的世界 (1)): All chunks are saved
[265月2026 08:42:08.297] [Server thread/INFO] [net.minecraft.server.MinecraftServer/]: ThreadedAnvilChunkStorage (DIM1): All chunks are saved
[265月2026 08:42:08.297] [Server thread/INFO] [net.minecraft.server.MinecraftServer/]: ThreadedAnvilChunkStorage (DIM-1): All chunks are saved
[265月2026 08:42:08.297] [Server thread/INFO] [net.minecraft.server.MinecraftServer/]: ThreadedAnvilChunkStorage: All dimensions are saved
